// Jest Snapshot v1, https://goo.gl/fbAQLP

exports[`ForecastSummaries renders correctly 1`] = `
<DocumentFragment>
  <div
    class="forecast-summaries"
  >
    <div
      class="forecast-summary"
      data-testid="forecast-summary"
    >
      <div
        class="forecast-summary__date"
      >
        Mon Apr 30 2018
      </div>
      <div
        class="forecast-summary__icon"
        data-testid="forecast-icon"
      >
        <img
          alt="icon"
          src="https://openweathermap.org/img/wn/01d@2x.png"
        />
      </div>
      <div
        class="forecast-summary__temperature"
      >
        22°C
      </div>
      <div
        class="forecast-summary__description"
      >
        Stub description 1
      </div>
    </div>
    <div
      class="forecast-summary"
      data-testid="forecast-summary"
    >
      <div
        class="forecast-summary__date"
      >
        Tue May 01 2018
      </div>
      <div
        class="forecast-summary__icon"
        data-testid="forecast-icon"
      >
        <img
          alt="icon"
          src="https://openweathermap.org/img/wn/13d@2x.png"
        />
      </div>
      <div
        class="forecast-summary__temperature"
      >
        24°C
      </div>
      <div
        class="forecast-summary__description"
      >
        Stub description 2
      </div>
    </div>
  </div>
</DocumentFragment>
`;
